apiVersion: v1
kind: Namespace
metadata:
  annotations: {}
  labels:
    name: syn-prometheus-infra
  name: syn-prometheus-infra
