apiVersion: v1
kind: Namespace
metadata:
  annotations: {}
  labels:
    SYNMonitoring: main
    name: syn-prometheus-operator
  name: syn-prometheus-operator
