apiVersion: v1
data: {}
kind: Secret
metadata:
  annotations:
    source: https://github.com/projectsyn/component-prometheus
  labels:
    app.kubernetes.io/managed-by: commodore
    app.kubernetes.io/part-of: syn
    name: thanos-objectstorage
  name: thanos-objectstorage
  namespace: syn-prometheus-infra
stringData:
  thanos: "{\n    \"config\": {\n        \"access_key\": \"?{vaultkv:t-silent-test-1234/c-green-test-1234/syn-prometheus-infra/s3_access_key:944d8d0b}\"\
    ,\n        \"bucket\": \"c-green-test-1234-thanos\",\n        \"endpoint\": \"\
    objects.example.com\",\n        \"region\": \"eu-east\",\n        \"secret_key\"\
    : \"?{vaultkv:t-silent-test-1234/c-green-test-1234/syn-prometheus-infra/s3_secret_key:59711559}\"\
    \n    },\n    \"type\": \"S3\"\n}"
type: Opaque
