apiVersion: v1
data: {}
kind: Secret
metadata:
  annotations:
    source: https://github.com/projectsyn/component-prometheus
  labels:
    app.kubernetes.io/managed-by: commodore
    app.kubernetes.io/part-of: syn
    name: oauth2-proxy
  name: oauth2-proxy
  namespace: syn-prometheus-infra
stringData:
  clientSecret: ?{vaultkv:t-silent-test-1234/c-green-test-1234/syn-prometheus-infra/oauth2_client_secret:f5e91d4d}
  cookieSecret: ?{vaultkv:t-silent-test-1234/c-green-test-1234/syn-prometheus-infra/oauth2_cookie_secret:a5193369}
type: Opaque
