apiVersion: monitoring.coreos.com/v1
kind: ServiceMonitor
metadata:
  annotations:
    source: https://github.com/projectsyn/component-prometheus
  labels:
    app.kubernetes.io/component: controller
    app.kubernetes.io/managed-by: commodore
    app.kubernetes.io/name: syn-prometheus-operator
    app.kubernetes.io/part-of: syn
    app.kubernetes.io/version: 0.49.0
  name: prometheus-operator
  namespace: syn-prometheus-operator
spec:
  endpoints:
    - bearerTokenFile: /var/run/secrets/kubernetes.io/serviceaccount/token
      honorLabels: true
      port: https
      scheme: https
      tlsConfig:
        insecureSkipVerify: true
  selector:
    matchLabels:
      app.kubernetes.io/component: controller
      app.kubernetes.io/name: syn-prometheus-operator
      app.kubernetes.io/part-of: kube-prometheus
      app.kubernetes.io/version: 0.49.0
