apiVersion: v1
kind: ServiceAccount
metadata:
  annotations:
    source: https://github.com/projectsyn/component-prometheus
  labels:
    app.kubernetes.io/component: controller
    app.kubernetes.io/managed-by: commodore
    app.kubernetes.io/name: syn-prometheus-operator
    app.kubernetes.io/part-of: syn
    app.kubernetes.io/version: 0.49.0
  name: syn-prometheus-operator
  namespace: syn-prometheus-operator
