apiVersion: apps/v1
kind: Deployment
metadata:
  annotations:
    source: https://github.com/projectsyn/component-prometheus
  labels:
    app.kubernetes.io/component: controller
    app.kubernetes.io/managed-by: commodore
    app.kubernetes.io/name: syn-prometheus-operator
    app.kubernetes.io/part-of: syn
    app.kubernetes.io/version: 0.49.0
  name: syn-prometheus-operator
  namespace: syn-prometheus-operator
spec:
  replicas: 1
  selector:
    matchLabels:
      app.kubernetes.io/component: controller
      app.kubernetes.io/name: syn-prometheus-operator
      app.kubernetes.io/part-of: kube-prometheus
  template:
    metadata:
      annotations:
        kubectl.kubernetes.io/default-container: syn-prometheus-operator
      labels:
        app.kubernetes.io/component: controller
        app.kubernetes.io/name: syn-prometheus-operator
        app.kubernetes.io/part-of: kube-prometheus
        app.kubernetes.io/version: 0.49.0
    spec:
      containers:
        - args:
            - --kubelet-service=kube-system/kubelet
            - --prometheus-config-reloader=quay.io/prometheus-operator/prometheus-config-reloader:v0.49.0
            - -namespaces=syn-prometheus-infra
          image: quay.io/prometheus-operator/prometheus-operator:v0.49.0
          name: syn-prometheus-operator
          ports:
            - containerPort: 8080
              name: http
          resources:
            limits:
              cpu: 200m
              memory: 200Mi
            requests:
              cpu: 100m
              memory: 100Mi
        - args:
            - --logtostderr
            - --secure-listen-address=:8443
            - --tls-cipher-suites=TLS_ECDHE_RSA_WITH_AES_128_GCM_SHA256,TLS_ECDHE_ECDSA_WITH_AES_128_GCM_SHA256,TLS_ECDHE_RSA_WITH_AES_256_GCM_SHA384,TLS_ECDHE_ECDSA_WITH_AES_256_GCM_SHA384,TLS_ECDHE_RSA_WITH_CHACHA20_POLY1305,TLS_ECDHE_ECDSA_WITH_CHACHA20_POLY1305
            - --upstream=http://127.0.0.1:8080/
          image: quay.io/brancz/kube-rbac-proxy:v0.11.0
          name: kube-rbac-proxy
          ports:
            - containerPort: 8443
              name: https
          resources:
            limits:
              cpu: 20m
              memory: 40Mi
            requests:
              cpu: 10m
              memory: 20Mi
      nodeSelector:
        kubernetes.io/os: linux
      serviceAccountName: syn-prometheus-operator
