apiVersion: rbac.authorization.k8s.io/v1
kind: Role
metadata:
  annotations:
    source: https://github.com/projectsyn/component-prometheus
  labels:
    app.kubernetes.io/component: prometheus
    app.kubernetes.io/managed-by: commodore
    app.kubernetes.io/name: prometheus
    app.kubernetes.io/part-of: kube-prometheus
    app.kubernetes.io/version: 2.29.1
  name: prometheus-infra-config
  namespace: syn-monitoring
rules:
  - apiGroups:
      - ''
    resources:
      - configmaps
    verbs:
      - get
