apiVersion: v1
kind: Service
metadata:
  annotations:
    source: https://github.com/projectsyn/component-prometheus
  labels:
    app.kubernetes.io/component: thanos-sidecar
    app.kubernetes.io/managed-by: commodore
    app.kubernetes.io/name: prometheus
    app.kubernetes.io/part-of: kube-prometheus
    app.kubernetes.io/version: 2.29.1
    prometheus: infra
  name: prometheus-infra-thanos-sidecar
  namespace: syn-prometheus-infra
spec:
  clusterIP: None
  ports:
    - name: grpc
      port: 10901
      targetPort: 10901
    - name: http
      port: 10902
      targetPort: 10902
  selector:
    app.kubernetes.io/component: prometheus
    app.kubernetes.io/name: prometheus
    app.kubernetes.io/part-of: kube-prometheus
    prometheus: infra
