apiVersion: v1
kind: Service
metadata:
  annotations:
    source: https://github.com/projectsyn/component-prometheus
  labels:
    app.kubernetes.io/component: prometheus
    app.kubernetes.io/managed-by: commodore
    app.kubernetes.io/name: prometheus
    app.kubernetes.io/part-of: kube-prometheus
    app.kubernetes.io/version: 2.29.1
    prometheus: infra
  name: prometheus-infra
  namespace: syn-prometheus-infra
spec:
  ports:
    - name: web
      port: 9090
      targetPort: web
    - name: grpc
      port: 10901
      targetPort: 10901
  selector:
    app: prometheus
    app.kubernetes.io/component: prometheus
    app.kubernetes.io/name: prometheus
    app.kubernetes.io/part-of: kube-prometheus
    prometheus: infra
  sessionAffinity: ClientIP
