apiVersion: networking.k8s.io/v1
kind: Ingress
metadata:
  annotations:
    cert-manager.io/cluster-issuer: letsencrypt-production
    source: https://github.com/projectsyn/component-prometheus
  labels:
    app.kubernetes.io/managed-by: commodore
    app.kubernetes.io/part-of: syn
  name: prometheus-infra
  namespace: syn-prometheus-infra
spec:
  rules:
    - host: prometheus.example.com
      http:
        paths:
          - backend:
              service:
                name: prometheus-infra-auth
                port:
                  number: 4180
            path: /
            pathType: Prefix
  tls:
    - hosts:
        - prometheus.example.com
      secretName: prometheus-infra-tls
