apiVersion: policy/v1beta1
kind: PodDisruptionBudget
metadata:
  annotations:
    source: https://github.com/projectsyn/component-prometheus
  labels:
    app.kubernetes.io/component: prometheus
    app.kubernetes.io/managed-by: commodore
    app.kubernetes.io/name: prometheus
    app.kubernetes.io/part-of: kube-prometheus
    app.kubernetes.io/version: 2.29.1
  name: prometheus-infra
  namespace: syn-prometheus-infra
spec:
  minAvailable: 1
  selector:
    matchLabels:
      app.kubernetes.io/component: prometheus
      app.kubernetes.io/name: prometheus
      app.kubernetes.io/part-of: kube-prometheus
      prometheus: infra
