apiVersion: rbac.authorization.k8s.io/v1
items:
  - apiVersion: rbac.authorization.k8s.io/v1
    kind: RoleBinding
    metadata:
      labels:
        app.kubernetes.io/component: prometheus
        app.kubernetes.io/name: prometheus
        app.kubernetes.io/part-of: kube-prometheus
        app.kubernetes.io/version: 2.29.1
      name: prometheus-monitoring
      namespace: default
    roleRef:
      apiGroup: rbac.authorization.k8s.io
      kind: Role
      name: prometheus-monitoring
    subjects:
      - kind: ServiceAccount
        name: prometheus-monitoring
        namespace: syn-monitoring
  - apiVersion: rbac.authorization.k8s.io/v1
    kind: RoleBinding
    metadata:
      labels:
        app.kubernetes.io/component: prometheus
        app.kubernetes.io/name: prometheus
        app.kubernetes.io/part-of: kube-prometheus
        app.kubernetes.io/version: 2.29.1
      name: prometheus-monitoring
      namespace: kube-system
    roleRef:
      apiGroup: rbac.authorization.k8s.io
      kind: Role
      name: prometheus-monitoring
    subjects:
      - kind: ServiceAccount
        name: prometheus-monitoring
        namespace: syn-monitoring
  - apiVersion: rbac.authorization.k8s.io/v1
    kind: RoleBinding
    metadata:
      labels:
        app.kubernetes.io/component: prometheus
        app.kubernetes.io/name: prometheus
        app.kubernetes.io/part-of: kube-prometheus
        app.kubernetes.io/version: 2.29.1
      name: prometheus-monitoring
      namespace: syn-monitoring
    roleRef:
      apiGroup: rbac.authorization.k8s.io
      kind: Role
      name: prometheus-monitoring
    subjects:
      - kind: ServiceAccount
        name: prometheus-monitoring
        namespace: syn-monitoring
  - apiVersion: rbac.authorization.k8s.io/v1
    kind: RoleBinding
    metadata:
      labels:
        app.kubernetes.io/component: prometheus
        app.kubernetes.io/name: prometheus
        app.kubernetes.io/part-of: kube-prometheus
        app.kubernetes.io/version: 2.29.1
      name: prometheus-monitoring
      namespace: openshift-kube-scheduler
    roleRef:
      apiGroup: rbac.authorization.k8s.io
      kind: Role
      name: prometheus-monitoring
    subjects:
      - kind: ServiceAccount
        name: prometheus-monitoring
        namespace: syn-monitoring
  - apiVersion: rbac.authorization.k8s.io/v1
    kind: RoleBinding
    metadata:
      labels:
        app.kubernetes.io/component: prometheus
        app.kubernetes.io/name: prometheus
        app.kubernetes.io/part-of: kube-prometheus
        app.kubernetes.io/version: 2.29.1
      name: prometheus-monitoring
      namespace: openshift-kube-controller-manager
    roleRef:
      apiGroup: rbac.authorization.k8s.io
      kind: Role
      name: prometheus-monitoring
    subjects:
      - kind: ServiceAccount
        name: prometheus-monitoring
        namespace: syn-monitoring
  - apiVersion: rbac.authorization.k8s.io/v1
    kind: RoleBinding
    metadata:
      labels:
        app.kubernetes.io/component: prometheus
        app.kubernetes.io/name: prometheus
        app.kubernetes.io/part-of: kube-prometheus
        app.kubernetes.io/version: 2.29.1
      name: prometheus-monitoring
      namespace: openshift-dns
    roleRef:
      apiGroup: rbac.authorization.k8s.io
      kind: Role
      name: prometheus-monitoring
    subjects:
      - kind: ServiceAccount
        name: prometheus-monitoring
        namespace: syn-monitoring
kind: RoleBindingList
metadata:
  annotations:
    source: https://github.com/projectsyn/component-prometheus
  labels:
    app.kubernetes.io/managed-by: commodore
    app.kubernetes.io/part-of: syn
