apiVersion: rbac.authorization.k8s.io/v1
items:
  - apiVersion: rbac.authorization.k8s.io/v1
    kind: Role
    metadata:
      labels:
        app.kubernetes.io/component: prometheus
        app.kubernetes.io/name: prometheus
        app.kubernetes.io/part-of: kube-prometheus
        app.kubernetes.io/version: 2.29.1
      name: prometheus-monitoring
      namespace: default
    rules:
      - apiGroups:
          - ''
        resources:
          - services
          - endpoints
          - pods
        verbs:
          - get
          - list
          - watch
      - apiGroups:
          - extensions
        resources:
          - ingresses
        verbs:
          - get
          - list
          - watch
      - apiGroups:
          - networking.k8s.io
        resources:
          - ingresses
        verbs:
          - get
          - list
          - watch
  - apiVersion: rbac.authorization.k8s.io/v1
    kind: Role
    metadata:
      labels:
        app.kubernetes.io/component: prometheus
        app.kubernetes.io/name: prometheus
        app.kubernetes.io/part-of: kube-prometheus
        app.kubernetes.io/version: 2.29.1
      name: prometheus-monitoring
      namespace: kube-system
    rules:
      - apiGroups:
          - ''
        resources:
          - services
          - endpoints
          - pods
        verbs:
          - get
          - list
          - watch
      - apiGroups:
          - extensions
        resources:
          - ingresses
        verbs:
          - get
          - list
          - watch
      - apiGroups:
          - networking.k8s.io
        resources:
          - ingresses
        verbs:
          - get
          - list
          - watch
  - apiVersion: rbac.authorization.k8s.io/v1
    kind: Role
    metadata:
      labels:
        app.kubernetes.io/component: prometheus
        app.kubernetes.io/name: prometheus
        app.kubernetes.io/part-of: kube-prometheus
        app.kubernetes.io/version: 2.29.1
      name: prometheus-monitoring
      namespace: syn-monitoring
    rules:
      - apiGroups:
          - ''
        resources:
          - services
          - endpoints
          - pods
        verbs:
          - get
          - list
          - watch
      - apiGroups:
          - extensions
        resources:
          - ingresses
        verbs:
          - get
          - list
          - watch
      - apiGroups:
          - networking.k8s.io
        resources:
          - ingresses
        verbs:
          - get
          - list
          - watch
  - apiVersion: rbac.authorization.k8s.io/v1
    kind: Role
    metadata:
      labels:
        app.kubernetes.io/component: prometheus
        app.kubernetes.io/name: prometheus
        app.kubernetes.io/part-of: kube-prometheus
        app.kubernetes.io/version: 2.29.1
      name: prometheus-monitoring
      namespace: openshift-kube-scheduler
    rules:
      - apiGroups:
          - ''
        resources:
          - services
          - endpoints
          - pods
        verbs:
          - get
          - list
          - watch
      - apiGroups:
          - extensions
        resources:
          - ingresses
        verbs:
          - get
          - list
          - watch
      - apiGroups:
          - networking.k8s.io
        resources:
          - ingresses
        verbs:
          - get
          - list
          - watch
  - apiVersion: rbac.authorization.k8s.io/v1
    kind: Role
    metadata:
      labels:
        app.kubernetes.io/component: prometheus
        app.kubernetes.io/name: prometheus
        app.kubernetes.io/part-of: kube-prometheus
        app.kubernetes.io/version: 2.29.1
      name: prometheus-monitoring
      namespace: openshift-kube-controller-manager
    rules:
      - apiGroups:
          - ''
        resources:
          - services
          - endpoints
          - pods
        verbs:
          - get
          - list
          - watch
      - apiGroups:
          - extensions
        resources:
          - ingresses
        verbs:
          - get
          - list
          - watch
      - apiGroups:
          - networking.k8s.io
        resources:
          - ingresses
        verbs:
          - get
          - list
          - watch
  - apiVersion: rbac.authorization.k8s.io/v1
    kind: Role
    metadata:
      labels:
        app.kubernetes.io/component: prometheus
        app.kubernetes.io/name: prometheus
        app.kubernetes.io/part-of: kube-prometheus
        app.kubernetes.io/version: 2.29.1
      name: prometheus-monitoring
      namespace: openshift-dns
    rules:
      - apiGroups:
          - ''
        resources:
          - services
          - endpoints
          - pods
        verbs:
          - get
          - list
          - watch
      - apiGroups:
          - extensions
        resources:
          - ingresses
        verbs:
          - get
          - list
          - watch
      - apiGroups:
          - networking.k8s.io
        resources:
          - ingresses
        verbs:
          - get
          - list
          - watch
kind: RoleList
metadata:
  annotations:
    source: https://github.com/projectsyn/component-prometheus
  labels:
    app.kubernetes.io/managed-by: commodore
    app.kubernetes.io/part-of: syn
