apiVersion: monitoring.coreos.com/v1
kind: ServiceMonitor
metadata:
  annotations:
    source: https://github.com/projectsyn/component-prometheus
  labels:
    app.kubernetes.io/component: prometheus
    app.kubernetes.io/managed-by: commodore
    app.kubernetes.io/name: prometheus
    app.kubernetes.io/part-of: kube-prometheus
    app.kubernetes.io/version: 2.29.1
  name: prometheus-monitoring
  namespace: syn-monitoring
spec:
  endpoints:
    - bearerTokenFile: /var/run/secrets/kubernetes.io/serviceaccount/token
      path: /metrics
      port: rbac
      scheme: https
      tlsConfig:
        insecureSkipVerify: true
    - interval: 30s
      port: reloader-web
  selector:
    matchLabels:
      app.kubernetes.io/component: prometheus
      app.kubernetes.io/name: prometheus
      app.kubernetes.io/part-of: kube-prometheus
      prometheus: monitoring
