apiVersion: v1
kind: Service
metadata:
  annotations:
    source: https://github.com/projectsyn/component-prometheus
  labels:
    app.kubernetes.io/component: exporter
    app.kubernetes.io/managed-by: commodore
    app.kubernetes.io/name: nodeexporter-monitoring
    app.kubernetes.io/part-of: kube-prometheus
    app.kubernetes.io/version: 1.2.2
  name: nodeexporter-monitoring
  namespace: syn-monitoring
spec:
  clusterIP: None
  ports:
    - name: https
      port: 9101
      targetPort: https
  selector:
    app.kubernetes.io/component: exporter
    app.kubernetes.io/name: nodeexporter-monitoring
    app.kubernetes.io/part-of: kube-prometheus
