allowHostDirVolumePlugin: true
allowHostIPC: false
allowHostNetwork: true
allowHostPID: true
allowHostPorts: true
allowPrivilegeEscalation: true
allowPrivilegedContainer: true
allowedCapabilities: null
apiVersion: security.openshift.io/v1
defaultAddCapabilities: null
kind: SecurityContextConstraints
metadata:
  annotations:
    kubernetes.io/description: node-exporter scc is used for the Prometheus node exporter
    source: https://github.com/projectsyn/component-prometheus
  labels:
    app.kubernetes.io/managed-by: commodore
    app.kubernetes.io/part-of: syn
  name: syn-monitoring-nodeexporter-monitoring
readOnlyRootFilesystem: false
requiredDropCapabilities: null
runAsUser:
  type: RunAsAny
seLinuxContext:
  type: RunAsAny
supplementalGroups:
  type: RunAsAny
users: []
volumes:
  - '*'
