apiVersion: monitoring.coreos.com/v1
kind: ServiceMonitor
metadata:
  annotations:
    source: https://github.com/projectsyn/component-prometheus
  labels:
    app.kubernetes.io/component: exporter
    app.kubernetes.io/managed-by: commodore
    app.kubernetes.io/name: nodeexporter-monitoring
    app.kubernetes.io/part-of: kube-prometheus
    app.kubernetes.io/version: 1.2.2
  name: nodeexporter-monitoring
  namespace: syn-monitoring
spec:
  endpoints:
    - bearerTokenFile: /var/run/secrets/kubernetes.io/serviceaccount/token
      interval: 15s
      port: https
      relabelings:
        - action: replace
          regex: (.*)
          replacement: $1
          sourceLabels:
            - __meta_kubernetes_pod_node_name
          targetLabel: instance
      scheme: https
      tlsConfig:
        insecureSkipVerify: true
  jobLabel: app.kubernetes.io/name
  selector:
    matchLabels:
      app.kubernetes.io/component: exporter
      app.kubernetes.io/name: nodeexporter-monitoring
      app.kubernetes.io/part-of: kube-prometheus
