apiVersion: rbac.authorization.k8s.io/v1
kind: RoleBinding
metadata:
  annotations:
    source: https://github.com/projectsyn/component-prometheus
  labels:
    app.kubernetes.io/managed-by: commodore
    app.kubernetes.io/part-of: syn
    name: nodeexporter-monitoring
  name: nodeexporter-monitoring
  namespace: syn-monitoring
roleRef:
  apiGroup: rbac.authorization.k8s.io
  kind: Role
  name: nodeexporter-monitoring
subjects:
  - kind: ServiceAccount
    name: nodeexporter-monitoring
    namespace: syn-monitoring
