apiVersion: apps/v1
kind: DaemonSet
metadata:
  annotations:
    source: https://github.com/projectsyn/component-prometheus
  labels:
    app.kubernetes.io/component: exporter
    app.kubernetes.io/managed-by: commodore
    app.kubernetes.io/name: nodeexporter-monitoring
    app.kubernetes.io/part-of: kube-prometheus
    app.kubernetes.io/version: 1.2.2
  name: nodeexporter-monitoring
  namespace: syn-monitoring
spec:
  selector:
    matchLabels:
      app.kubernetes.io/component: exporter
      app.kubernetes.io/name: nodeexporter-monitoring
      app.kubernetes.io/part-of: kube-prometheus
  template:
    metadata:
      labels:
        app.kubernetes.io/component: exporter
        app.kubernetes.io/name: nodeexporter-monitoring
        app.kubernetes.io/part-of: kube-prometheus
        app.kubernetes.io/version: 1.2.2
    spec:
      containers:
        - args:
            - --web.listen-address=127.0.0.1:9101
            - --path.sysfs=/host/sys
            - --path.rootfs=/host/root
            - --no-collector.wifi
            - --no-collector.hwmon
            - --collector.filesystem.ignored-mount-points=^/(dev|proc|sys|var/lib/docker/.+|var/lib/kubelet/pods/.+)($|/)
            - --collector.netclass.ignored-devices=^(veth.*|[a-f0-9]{15})$
            - --collector.netdev.device-exclude=^(veth.*|[a-f0-9]{15})$
          image: quay.io/prometheus/node-exporter:v1.2.2
          name: nodeexporter-monitoring
          resources:
            limits:
              cpu: 250m
              memory: 180Mi
            requests:
              cpu: 102m
              memory: 180Mi
          volumeMounts:
            - mountPath: /host/sys
              mountPropagation: HostToContainer
              name: sys
              readOnly: true
            - mountPath: /host/root
              mountPropagation: HostToContainer
              name: root
              readOnly: true
        - args:
            - --logtostderr
            - --secure-listen-address=[$(IP)]:9101
            - --tls-cipher-suites=TLS_ECDHE_RSA_WITH_AES_128_GCM_SHA256,TLS_ECDHE_ECDSA_WITH_AES_128_GCM_SHA256,TLS_ECDHE_RSA_WITH_AES_256_GCM_SHA384,TLS_ECDHE_ECDSA_WITH_AES_256_GCM_SHA384,TLS_ECDHE_RSA_WITH_CHACHA20_POLY1305,TLS_ECDHE_ECDSA_WITH_CHACHA20_POLY1305
            - --upstream=http://127.0.0.1:9101/
          env:
            - name: IP
              valueFrom:
                fieldRef:
                  fieldPath: status.podIP
          image: quay.io/brancz/kube-rbac-proxy:v0.11.0
          name: kube-rbac-proxy
          ports:
            - containerPort: 9101
              hostPort: 9101
              name: https
          resources:
            limits:
              cpu: 20m
              memory: 40Mi
            requests:
              cpu: 10m
              memory: 20Mi
      hostNetwork: true
      hostPID: true
      nodeSelector:
        kubernetes.io/os: linux
      serviceAccountName: nodeexporter-monitoring
      tolerations:
        - operator: Exists
      volumes:
        - hostPath:
            path: /sys
          name: sys
        - hostPath:
            path: /
          name: root
  updateStrategy:
    rollingUpdate:
      maxUnavailable: 10%
    type: RollingUpdate
