apiVersion: rbac.authorization.k8s.io/v1
kind: Role
metadata:
  annotations:
    source: https://github.com/projectsyn/component-prometheus
  labels:
    app.kubernetes.io/managed-by: commodore
    app.kubernetes.io/part-of: syn
    name: nodeexporter-monitoring
  name: nodeexporter-monitoring
  namespace: syn-monitoring
rules:
  - apiGroups:
      - security.openshift.io
    resourceNames:
      - syn-monitoring-nodeexporter-monitoring
    resources:
      - securitycontextconstraints
    verbs:
      - use
