apiVersion: monitoring.coreos.com/v1
kind: ServiceMonitor
metadata:
  annotations:
    source: https://github.com/projectsyn/component-prometheus
  labels:
    app.kubernetes.io/managed-by: commodore
    app.kubernetes.io/name: kube-scheduler
    app.kubernetes.io/part-of: syn
  name: kube-scheduler
  namespace: syn-monitoring
spec:
  endpoints:
    - bearerTokenFile: /var/run/secrets/kubernetes.io/serviceaccount/token
      interval: 30s
      port: https-metrics
      scheme: https
      tlsConfig:
        insecureSkipVerify: true
  jobLabel: app.kubernetes.io/name
  namespaceSelector:
    matchNames:
      - openshift-kube-scheduler
  selector:
    matchLabels:
      prometheus: kube-scheduler
