apiVersion: v1
kind: Service
metadata:
  annotations:
    source: https://github.com/projectsyn/component-prometheus
  labels:
    app.kubernetes.io/component: exporter
    app.kubernetes.io/managed-by: commodore
    app.kubernetes.io/name: kubestatemetrics-monitoring
    app.kubernetes.io/part-of: kube-prometheus
    app.kubernetes.io/version: 2.1.1
  name: kubestatemetrics-monitoring
  namespace: syn-monitoring
spec:
  clusterIP: None
  ports:
    - name: https-main
      port: 8443
      targetPort: https-main
    - name: https-self
      port: 9443
      targetPort: https-self
  selector:
    app.kubernetes.io/component: exporter
    app.kubernetes.io/name: kubestatemetrics-monitoring
    app.kubernetes.io/part-of: kube-prometheus
